###############################################################################
#
# IAR ELF Linker V8.30.1.114/W32 for ARM                  13/Apr/2021  16:23:01
# Copyright 2007-2018 IAR Systems AB.
#
#    Output file  =  
#        C:\Users\User\OneDrive\Рабочий
#        стол\summer1\stm32\stm-test\STM32\timer_int_capture\Debug\Exe\stm32_course.out
#    Map file     =  
#        C:\Users\User\OneDrive\Рабочий
#        стол\summer1\stm32\stm-test\STM32\timer_int_capture\Debug\List\stm32_course.map
#    Command line =  
#        -f C:\Users\User\AppData\Local\Temp\EWBF9A.tmp
#        ("C:\Users\User\OneDrive\Рабочий
#        стол\summer1\stm32\stm-test\STM32\timer_int_capture\Debug\Obj\main.o"
#        --no_out_extension -o "C:\Users\User\OneDrive\Рабочий
#        стол\summer1\stm32\stm-test\STM32\timer_int_capture\Debug\Exe\stm32_course.out"
#        --redirect _Printf=_PrintfFullNoMb --redirect _Scanf=_ScanfFullNoMb
#        --map "C:\Users\User\OneDrive\Рабочий
#        стол\summer1\stm32\stm-test\STM32\timer_int_capture\Debug\List\stm32_course.map"
#        --config "C:\Program Files (x86)\IAR Systems\Embedded Workbench
#        8.1\arm\config\linker\ST\stm32f051x8.icf" --semihosting --entry
#        __iar_program_start --vfe --text_out locale)
#
###############################################################################

*******************************************************************************
*** RUNTIME MODEL ATTRIBUTES
***

CppFlavor       = *
__SystemLibrary = DLib
__dlib_version  = 6


*******************************************************************************
*** HEAP SELECTION
***

The basic heap was selected because no calls to memory allocation
functions were found in the application outside of system library
functions, and there are calls to deallocation functions in the
application.


*******************************************************************************
*** PLACEMENT SUMMARY
***

"A0":  place at 0x800'0000 { ro section .intvec };
"P1":  place in [from 0x800'0000 to 0x800'ffff] { ro };
define block CSTACK with size = 2K, alignment = 8 { };
define block HEAP with size = 2K, alignment = 8 { };
"P2":  place in [from 0x2000'0000 to 0x2000'1fff] {
          rw, block CSTACK, block HEAP };

No sections matched the following patterns:

  rw  in "P2"


  Section   Kind         Address   Size  Object
  -------   ----         -------   ----  ------
"A0":                              0x40
  .intvec   ro code   0x800'0000   0x40  vector_table_M.o [3]
                    - 0x800'0040   0x40

"P1":                             0x300
  .text     ro code   0x800'0040  0x2a8  main.o [1]
  .text     ro code   0x800'02e8   0x1e  cmain.o [3]
  .text     ro code   0x800'0306    0x4  low_level_init.o [2]
  .text     ro code   0x800'030a    0x8  exit.o [2]
  .text     ro code   0x800'0312    0x2  vector_table_M.o [3]
  .text     ro code   0x800'0314    0xa  cexit.o [3]
  .text     ro code   0x800'0320   0x14  exit.o [4]
  .text     ro code   0x800'0334    0xc  cstartup_M.o [3]
                    - 0x800'0340  0x300

"P2":                             0x800
  CSTACK             0x2000'0000  0x800  <Block>
    CSTACK  uninit   0x2000'0000  0x800  <Block tail>
                   - 0x2000'0800  0x800

Unused ranges:

         From           To    Size
         ----           --    ----
   0x800'0340   0x800'ffff  0xfcc0
  0x2000'0800  0x2000'1fff  0x1800



*******************************************************************************
*** MODULE SUMMARY
***

    Module            ro code  rw data
    ------            -------  -------
command line/config:
    ----------------------------------
    Total:

C:\Users\User\OneDrive\Рабочий стол\summer1\stm32\stm-test\STM32\timer_int_capture\Debug\Obj: [1]
    main.o                680
    ----------------------------------
    Total:                680

dl6M_tln.a: [2]
    exit.o                  8
    low_level_init.o        4
    ----------------------------------
    Total:                 12

rt6M_tl.a: [3]
    cexit.o                10
    cmain.o                30
    cstartup_M.o           12
    vector_table_M.o       66
    ----------------------------------
    Total:                118

shb_l.a: [4]
    exit.o                 20
    ----------------------------------
    Total:                 20

    Gaps                    2
    Linker created               2 048
--------------------------------------
    Grand Total:          832    2 048


*******************************************************************************
*** ENTRY LIST
***

Entry                       Address  Size  Type      Object
-----                       -------  ----  ----      ------
?main                    0x800'02e9        Code  Gb  cmain.o [3]
CSTACK$$Base            0x2000'0000         --   Gb  - Linker created -
CSTACK$$Limit           0x2000'0800         --   Gb  - Linker created -
LL_AHB1_GRP1_EnableClock
                         0x800'017d  0x16  Code  Lc  main.o [1]
LL_APB1_GRP1_EnableClock
                         0x800'0193  0x16  Code  Lc  main.o [1]
LL_FLASH_SetLatency      0x800'016f   0xe  Code  Lc  main.o [1]
LL_GPIO_SetPinMode       0x800'01a9  0x1c  Code  Lc  main.o [1]
LL_RCC_GetSysClkSource   0x800'0103   0xa  Code  Lc  main.o [1]
LL_RCC_HSI_Enable        0x800'00db   0xc  Code  Lc  main.o [1]
LL_RCC_HSI_IsReady       0x800'00e7   0xe  Code  Lc  main.o [1]
LL_RCC_PLL_ConfigDomain_SYS
                         0x800'0145  0x2a  Code  Lc  main.o [1]
LL_RCC_PLL_Enable        0x800'0129   0xe  Code  Lc  main.o [1]
LL_RCC_PLL_IsReady       0x800'0137   0xe  Code  Lc  main.o [1]
LL_RCC_SetAHBPrescaler   0x800'010d   0xe  Code  Lc  main.o [1]
LL_RCC_SetAPB1Prescaler
                         0x800'011b   0xe  Code  Lc  main.o [1]
LL_RCC_SetSysClkSource   0x800'00f5   0xe  Code  Lc  main.o [1]
LL_TIM_EnableCounter     0x800'01c5   0xa  Code  Lc  main.o [1]
LL_TIM_EnableIT_UPDATE   0x800'01e3   0xa  Code  Lc  main.o [1]
LL_TIM_SetAutoReload     0x800'01df   0x4  Code  Lc  main.o [1]
LL_TIM_SetCounterMode    0x800'01cf   0xc  Code  Lc  main.o [1]
LL_TIM_SetPrescaler      0x800'01db   0x4  Code  Lc  main.o [1]
NVIC_EnableIRQ           0x800'0041   0xe  Code  Lc  main.o [1]
NVIC_SetPriority         0x800'004f  0x8c  Code  Lc  main.o [1]
Region$$Table$$Base             0x0         --   Gb  - Linker created -
Region$$Table$$Limit            0x0         --   Gb  - Linker created -
__ICFEDIT_region_RAM_end__ {Abs}
                        0x2000'1fff        Data  Gb  <internal module>
__ICFEDIT_region_RAM_start__ {Abs}
                        0x2000'0000        Data  Gb  <internal module>
__cmain                  0x800'02e9        Code  Gb  cmain.o [3]
__exit                   0x800'0321  0x14  Code  Gb  exit.o [4]
__iar_program_start      0x800'0335        Code  Gb  cstartup_M.o [3]
__low_level_init         0x800'0307   0x4  Code  Gb  low_level_init.o [2]
__vector_table           0x800'0000        Data  Gb  vector_table_M.o [3]
_call_main               0x800'02f5        Code  Gb  cmain.o [3]
_exit                    0x800'0315        Code  Gb  cexit.o [3]
_main                    0x800'0303        Code  Gb  cmain.o [3]
exit                     0x800'030b   0x8  Code  Gb  exit.o [2]
gpio_config              0x800'0235  0x26  Code  Lc  main.o [1]
main                     0x800'02d9  0x10  Code  Gb  main.o [1]
rcc_config               0x800'01ed  0x48  Code  Lc  main.o [1]
timers_config            0x800'025b  0x40  Code  Lc  main.o [1]


[1] = C:\Users\User\OneDrive\Рабочий стол\summer1\stm32\stm-test\STM32\timer_int_capture\Debug\Obj
[2] = dl6M_tln.a
[3] = rt6M_tl.a
[4] = shb_l.a

    832 bytes of readonly  code memory
  2 048 bytes of readwrite data memory

Errors: none
Warnings: none
